lookup.itself {"exBudgetCPU":115100,"exBudgetMemory":600,"scriptSizeBytes":85}
lookup.hit {"exBudgetCPU":4028533,"exBudgetMemory":10054,"scriptSizeBytes":119}
lookup.miss {"exBudgetCPU":4394532,"exBudgetMemory":11422,"scriptSizeBytes":128}
lookupData.hit {"exBudgetCPU":3939176,"exBudgetMemory":9822,"scriptSizeBytes":117}
lookupData.miss {"exBudgetCPU":4325532,"exBudgetMemory":11122,"scriptSizeBytes":124}
findWithDefault.itself {"exBudgetCPU":115100,"exBudgetMemory":600,"scriptSizeBytes":78}
findWithDefault.hit {"exBudgetCPU":4097533,"exBudgetMemory":10354,"scriptSizeBytes":117}
findWithDefault.hit2 {"exBudgetCPU":13292868,"exBudgetMemory":33068,"scriptSizeBytes":406}
findWithDefault.miss {"exBudgetCPU":4532532,"exBudgetMemory":12022,"scriptSizeBytes":125}
singleton {"exBudgetCPU":742104,"exBudgetMemory":2828,"scriptSizeBytes":39}
singletonData {"exBudgetCPU":604104,"exBudgetMemory":2228,"scriptSizeBytes":34}
insert.empty {"exBudgetCPU":2113458,"exBudgetMemory":8060,"scriptSizeBytes":157}
insert.replace {"exBudgetCPU":4362797,"exBudgetMemory":14120,"scriptSizeBytes":179}
delete.empty {"exBudgetCPU":1555454,"exBudgetMemory":6132,"scriptSizeBytes":140}
delete.only {"exBudgetCPU":3873793,"exBudgetMemory":12492,"scriptSizeBytes":163}
delete.miss {"exBudgetCPU":4366498,"exBudgetMemory":14786,"scriptSizeBytes":169}
delete.new {"exBudgetCPU":9803231,"exBudgetMemory":30904,"scriptSizeBytes":205}
delete.old {"exBudgetCPU":7780191,"exBudgetMemory":25178,"scriptSizeBytes":204}
difference.emptyLeft {"exBudgetCPU":1814458,"exBudgetMemory":6760,"scriptSizeBytes":265}
difference.emptyRight {"exBudgetCPU":3312736,"exBudgetMemory":11988,"scriptSizeBytes":268}
difference.emptyResult {"exBudgetCPU":6740757,"exBudgetMemory":19746,"scriptSizeBytes":281}
difference.partialOverlap {"exBudgetCPU":20557164,"exBudgetMemory":60306,"scriptSizeBytes":390}
zipMapsWith.(-) {"exBudgetCPU":24608238,"exBudgetMemory":70720,"scriptSizeBytes":627}
leftBiasedUnion.const {"exBudgetCPU":20714657,"exBudgetMemory":60738,"scriptSizeBytes":407}
unionResolvingCollisionsWith.const {"exBudgetCPU":21694744,"exBudgetMemory":63730,"scriptSizeBytes":449}
unionResolvingCollisionsWith.flip const {"exBudgetCPU":21694744,"exBudgetMemory":63730,"scriptSizeBytes":449}
unionResolvingCollisionsWith.double {"exBudgetCPU":7716814,"exBudgetMemory":21572,"scriptSizeBytes":247}
unionResolvingCollisionsWith.(+) {"exBudgetCPU":7716814,"exBudgetMemory":21572,"scriptSizeBytes":247}
unionResolvingCollisionsWith.preservesCombineCommutativity {"exBudgetCPU":7716814,"exBudgetMemory":21572,"scriptSizeBytes":247}
unionResolvingCollisionsWithData.const {"exBudgetCPU":7652623,"exBudgetMemory":22474,"scriptSizeBytes":328}
unionResolvingCollisionsWithData.emptyLeft {"exBudgetCPU":2067458,"exBudgetMemory":7860,"scriptSizeBytes":316}
unionResolvingCollisionsWithData.emptyRight {"exBudgetCPU":3496736,"exBudgetMemory":12788,"scriptSizeBytes":315}
unionResolvingCollisionsWithData.distinctKeys {"exBudgetCPU":7634365,"exBudgetMemory":22112,"scriptSizeBytes":334}
intersectionWith.const {"exBudgetCPU":20881648,"exBudgetMemory":61334,"scriptSizeBytes":431}
intersectionWith.flip const {"exBudgetCPU":20881648,"exBudgetMemory":61334,"scriptSizeBytes":431}
intersectionWith.double {"exBudgetCPU":7716814,"exBudgetMemory":21572,"scriptSizeBytes":233}
intersectionWith.(+) {"exBudgetCPU":7716814,"exBudgetMemory":21572,"scriptSizeBytes":233}
intersectionWith.preservesCombineCommutativity {"exBudgetCPU":7716814,"exBudgetMemory":21572,"scriptSizeBytes":233}
intersectionWith.partialKeyMismatch {"exBudgetCPU":14730860,"exBudgetMemory":40352,"scriptSizeBytes":485}
intersectionWithData.const {"exBudgetCPU":7652623,"exBudgetMemory":22474,"scriptSizeBytes":310}
intersectionWithData.emptyLeft {"exBudgetCPU":2067458,"exBudgetMemory":7860,"scriptSizeBytes":298}
intersectionWithData.emptyRight {"exBudgetCPU":3339243,"exBudgetMemory":12356,"scriptSizeBytes":297}
intersectionWithData.keyMismatch {"exBudgetCPU":8024054,"exBudgetMemory":23912,"scriptSizeBytes":316}