term (program 1.0.0 #d8799fd8799f9fd8799fd8799fd8799f41a0ff00ffd8799fd8799fd87a9f41a1ffd87a80ffa0d8799f41d0ffffffff80a0a141c0a149736f6d65746f6b656e018080d8799fd8799fd87980d87a80ffd8799fd87b80d87a80ffff9f45ab01fe235c4312301443abcdefff80d8799f41b0ffffd87a9fd8799fd8799f41a0ff00ffffff)
get.txInfo (program 1.0.0 #d8799f9fd8799fd8799fd8799f41a0ff00ffd8799fd8799fd87a9f41a1ffd87a80ffa0d8799f41d0ffffffff80a0a141c0a149736f6d65746f6b656e018080d8799fd8799fd87980d87a80ffd8799fd87b80d87a80ffff9f45ab01fe235c4312301443abcdefff80d8799f41b0ffff)
get.mint (program 1.0.0 #a141c0a149736f6d65746f6b656e01)
get.credentials (program 1.0.0 [#41a1])
get.sym (program 1.0.0 #c0)
ScriptPurpose.literal (program 1.0.0 #d8799f58201111111111111111111111111111111111111111111111111111111111111111ff)
ScriptPurpose.decode (program 1.0.0 [ #58201111111111111111111111111111111111111111111111111111111111111111 ])