singleton {"exBudgetCPU":1708940,"exBudgetMemory":6256,"scriptSizeBytes":68}
singletonData {"exBudgetCPU":3189793,"exBudgetMemory":7490,"scriptSizeBytes":80}
valueOf.itself {"exBudgetCPU":851100,"exBudgetMemory":3800,"scriptSizeBytes":115}
valueOf.applied {"exBudgetCPU":8887341,"exBudgetMemory":23308,"scriptSizeBytes":183}
valueOf.growing.1 {"exBudgetCPU":6189368,"exBudgetMemory":18450,"scriptSizeBytes":193}
valueOf.growing.2 {"exBudgetCPU":18173440,"exBudgetMemory":48676,"scriptSizeBytes":526}
valueOf.growing.3 {"exBudgetCPU":27783611,"exBudgetMemory":72418,"scriptSizeBytes":562}
valueOf.growing.4 {"exBudgetCPU":41321685,"exBudgetMemory":103784,"scriptSizeBytes":581}
valueOf.growing.5 {"exBudgetCPU":59270662,"exBudgetMemory":144874,"scriptSizeBytes":599}
valueOf.growing.6 {"exBudgetCPU":81630542,"exBudgetMemory":195688,"scriptSizeBytes":617}
valueOf.growing.7 {"exBudgetCPU":108401325,"exBudgetMemory":256226,"scriptSizeBytes":636}
valueOf.growing.8 {"exBudgetCPU":139583011,"exBudgetMemory":326488,"scriptSizeBytes":654}
valueOf.growing.9 {"exBudgetCPU":177929987,"exBudgetMemory":411632,"scriptSizeBytes":672}
valueOf.growing.10 {"exBudgetCPU":215515405,"exBudgetMemory":497412,"scriptSizeBytes":690}
valueOf.growing.11 {"exBudgetCPU":257511726,"exBudgetMemory":592916,"scriptSizeBytes":708}
valueOf.growing.12 {"exBudgetCPU":303918950,"exBudgetMemory":698144,"scriptSizeBytes":727}
valueOf.growing.13 {"exBudgetCPU":354737077,"exBudgetMemory":813096,"scriptSizeBytes":745}
valueOf.growing.14 {"exBudgetCPU":409966107,"exBudgetMemory":937772,"scriptSizeBytes":763}
valueOf.growing.15 {"exBudgetCPU":469606040,"exBudgetMemory":1072172,"scriptSizeBytes":782}
valueOf.growing.16 {"exBudgetCPU":533656876,"exBudgetMemory":1216296,"scriptSizeBytes":800}
valueOf.growing.17 {"exBudgetCPU":602118615,"exBudgetMemory":1370144,"scriptSizeBytes":819}
leftBiasedCurrencyUnion.growing.1 {"exBudgetCPU":9108037,"exBudgetMemory":26968,"scriptSizeBytes":329}
leftBiasedCurrencyUnion.growing.2 {"exBudgetCPU":21069109,"exBudgetMemory":57094,"scriptSizeBytes":668}
leftBiasedCurrencyUnion.growing.3 {"exBudgetCPU":32994109,"exBudgetMemory":88030,"scriptSizeBytes":706}
leftBiasedCurrencyUnion.growing.4 {"exBudgetCPU":48778012,"exBudgetMemory":126290,"scriptSizeBytes":724}
leftBiasedCurrencyUnion.growing.5 {"exBudgetCPU":68972818,"exBudgetMemory":174274,"scriptSizeBytes":743}
leftBiasedCurrencyUnion.growing.6 {"exBudgetCPU":93578527,"exBudgetMemory":231982,"scriptSizeBytes":761}
leftBiasedCurrencyUnion.growing.7 {"exBudgetCPU":122595139,"exBudgetMemory":299414,"scriptSizeBytes":780}
leftBiasedCurrencyUnion.growing.8 {"exBudgetCPU":156022654,"exBudgetMemory":376570,"scriptSizeBytes":798}
leftBiasedCurrencyUnion.growing.9 {"exBudgetCPU":193308957,"exBudgetMemory":462316,"scriptSizeBytes":813}
leftBiasedCurrencyUnion.growing.10 {"exBudgetCPU":232254653,"exBudgetMemory":552724,"scriptSizeBytes":832}
leftBiasedCurrencyUnion.growing.11 {"exBudgetCPU":274250974,"exBudgetMemory":648228,"scriptSizeBytes":850}
leftBiasedCurrencyUnion.growing.12 {"exBudgetCPU":320658198,"exBudgetMemory":753456,"scriptSizeBytes":868}
leftBiasedCurrencyUnion.growing.13 {"exBudgetCPU":371476325,"exBudgetMemory":868408,"scriptSizeBytes":887}
leftBiasedCurrencyUnion.growing.14 {"exBudgetCPU":426705355,"exBudgetMemory":993084,"scriptSizeBytes":905}
leftBiasedCurrencyUnion.growing.15 {"exBudgetCPU":486345288,"exBudgetMemory":1127484,"scriptSizeBytes":924}
leftBiasedCurrencyUnion.growing.16 {"exBudgetCPU":550396124,"exBudgetMemory":1271608,"scriptSizeBytes":942}
leftBiasedCurrencyUnion.growing.17 {"exBudgetCPU":618857863,"exBudgetMemory":1425456,"scriptSizeBytes":960}
leftBiasedTokenUnion.growing.1 {"exBudgetCPU":9499037,"exBudgetMemory":28668,"scriptSizeBytes":582}
leftBiasedTokenUnion.growing.2 {"exBudgetCPU":21276109,"exBudgetMemory":57994,"scriptSizeBytes":914}
leftBiasedTokenUnion.growing.3 {"exBudgetCPU":33201109,"exBudgetMemory":88930,"scriptSizeBytes":953}
leftBiasedTokenUnion.growing.4 {"exBudgetCPU":48985012,"exBudgetMemory":127190,"scriptSizeBytes":971}
leftBiasedTokenUnion.growing.5 {"exBudgetCPU":69179818,"exBudgetMemory":175174,"scriptSizeBytes":989}
leftBiasedTokenUnion.growing.6 {"exBudgetCPU":93785527,"exBudgetMemory":232882,"scriptSizeBytes":1008}
leftBiasedTokenUnion.growing.7 {"exBudgetCPU":122802139,"exBudgetMemory":300314,"scriptSizeBytes":1026}
leftBiasedTokenUnion.growing.8 {"exBudgetCPU":156229654,"exBudgetMemory":377470,"scriptSizeBytes":1044}
leftBiasedTokenUnion.growing.9 {"exBudgetCPU":201063000,"exBudgetMemory":482656,"scriptSizeBytes":1060}
leftBiasedTokenUnion.growing.10 {"exBudgetCPU":240008696,"exBudgetMemory":573064,"scriptSizeBytes":1078}
leftBiasedTokenUnion.growing.11 {"exBudgetCPU":282005017,"exBudgetMemory":668568,"scriptSizeBytes":1097}
leftBiasedTokenUnion.growing.12 {"exBudgetCPU":328412241,"exBudgetMemory":773796,"scriptSizeBytes":1115}
leftBiasedTokenUnion.growing.13 {"exBudgetCPU":379230368,"exBudgetMemory":888748,"scriptSizeBytes":1133}
leftBiasedTokenUnion.growing.14 {"exBudgetCPU":434459398,"exBudgetMemory":1013424,"scriptSizeBytes":1152}
leftBiasedTokenUnion.growing.15 {"exBudgetCPU":494099331,"exBudgetMemory":1147824,"scriptSizeBytes":1170}
leftBiasedTokenUnion.growing.16 {"exBudgetCPU":558150167,"exBudgetMemory":1291948,"scriptSizeBytes":1188}
leftBiasedTokenUnion.growing.17 {"exBudgetCPU":626611906,"exBudgetMemory":1445796,"scriptSizeBytes":1207}
unionResolvingCollisionsWith.const {"exBudgetCPU":15145570,"exBudgetMemory":42740,"scriptSizeBytes":619}
unionResolvingCollisionsWith.(+).itself {"exBudgetCPU":805100,"exBudgetMemory":3600,"scriptSizeBytes":358}
unionResolvingCollisionsWith.(+).applied {"exBudgetCPU":14731047,"exBudgetMemory":40042,"scriptSizeBytes":439}
unionResolvingCollisionsWith.tokens {"exBudgetCPU":14571429,"exBudgetMemory":39846,"scriptSizeBytes":449}
unionResolvingCollisionsWith.symbols {"exBudgetCPU":9246037,"exBudgetMemory":27568,"scriptSizeBytes":441}
unionResolvingCollisionsWith.growing.1 {"exBudgetCPU":9568037,"exBudgetMemory":28968,"scriptSizeBytes":621}
unionResolvingCollisionsWith.growing.2 {"exBudgetCPU":21345109,"exBudgetMemory":58294,"scriptSizeBytes":953}
unionResolvingCollisionsWith.growing.3 {"exBudgetCPU":33270109,"exBudgetMemory":89230,"scriptSizeBytes":991}
unionResolvingCollisionsWith.growing.4 {"exBudgetCPU":49054012,"exBudgetMemory":127490,"scriptSizeBytes":1009}
unionResolvingCollisionsWith.growing.5 {"exBudgetCPU":69248818,"exBudgetMemory":175474,"scriptSizeBytes":1028}
unionResolvingCollisionsWith.growing.6 {"exBudgetCPU":93854527,"exBudgetMemory":233182,"scriptSizeBytes":1046}
unionResolvingCollisionsWith.growing.7 {"exBudgetCPU":122871139,"exBudgetMemory":300614,"scriptSizeBytes":1065}
unionResolvingCollisionsWith.growing.8 {"exBudgetCPU":156298654,"exBudgetMemory":377770,"scriptSizeBytes":1083}
unionResolvingCollisionsWith.growing.9 {"exBudgetCPU":201132000,"exBudgetMemory":482956,"scriptSizeBytes":1098}
unionResolvingCollisionsWith.growing.10 {"exBudgetCPU":240077696,"exBudgetMemory":573364,"scriptSizeBytes":1117}
unionResolvingCollisionsWith.growing.11 {"exBudgetCPU":282074017,"exBudgetMemory":668868,"scriptSizeBytes":1135}
unionResolvingCollisionsWith.growing.12 {"exBudgetCPU":328481241,"exBudgetMemory":774096,"scriptSizeBytes":1153}
unionResolvingCollisionsWith.growing.13 {"exBudgetCPU":379299368,"exBudgetMemory":889048,"scriptSizeBytes":1172}
unionResolvingCollisionsWith.growing.14 {"exBudgetCPU":434528398,"exBudgetMemory":1013724,"scriptSizeBytes":1190}
unionResolvingCollisionsWith.growing.15 {"exBudgetCPU":494168331,"exBudgetMemory":1148124,"scriptSizeBytes":1209}
unionResolvingCollisionsWith.growing.16 {"exBudgetCPU":558219167,"exBudgetMemory":1292248,"scriptSizeBytes":1227}
unionResolvingCollisionsWith.growing.17 {"exBudgetCPU":626680906,"exBudgetMemory":1446096,"scriptSizeBytes":1245}
unionResolvingCollisionsWithData const.itself {"exBudgetCPU":805100,"exBudgetMemory":3600,"scriptSizeBytes":523}
unionResolvingCollisionsWithData const.applied {"exBudgetCPU":14919856,"exBudgetMemory":42044,"scriptSizeBytes":608}
inv {"exBudgetCPU":8006438,"exBudgetMemory":25962,"scriptSizeBytes":175}
equality.itself {"exBudgetCPU":23100,"exBudgetMemory":200,"scriptSizeBytes":15}
equality.triviallyTrue {"exBudgetCPU":5254875,"exBudgetMemory":13977,"scriptSizeBytes":100}
equality.triviallyFalse {"exBudgetCPU":5185875,"exBudgetMemory":13677,"scriptSizeBytes":109}
equality.swappedTokensTrue {"exBudgetCPU":30597624,"exBudgetMemory":79293,"scriptSizeBytes":507}
equality.swappedSymbolsTrue {"exBudgetCPU":20135464,"exBudgetMemory":54265,"scriptSizeBytes":498}
equality.growing.1 {"exBudgetCPU":5254875,"exBudgetMemory":13977,"scriptSizeBytes":100}
equality.growing.2 {"exBudgetCPU":30314879,"exBudgetMemory":78629,"scriptSizeBytes":502}
equality.growing.3 {"exBudgetCPU":44041207,"exBudgetMemory":114353,"scriptSizeBytes":538}
equality.growing.4 {"exBudgetCPU":66589341,"exBudgetMemory":169525,"scriptSizeBytes":573}
equality.growing.5 {"exBudgetCPU":97959281,"exBudgetMemory":244145,"scriptSizeBytes":608}
equality.growing.6 {"exBudgetCPU":138151027,"exBudgetMemory":338213,"scriptSizeBytes":643}
equality.growing.7 {"exBudgetCPU":187164579,"exBudgetMemory":451729,"scriptSizeBytes":679}
equality.growing.8 {"exBudgetCPU":244999937,"exBudgetMemory":584693,"scriptSizeBytes":714}
equality.growing.9 {"exBudgetCPU":311657101,"exBudgetMemory":737105,"scriptSizeBytes":749}
equality.growing.10 {"exBudgetCPU":387136071,"exBudgetMemory":908965,"scriptSizeBytes":784}
equality.growing.11 {"exBudgetCPU":471436847,"exBudgetMemory":1100273,"scriptSizeBytes":820}
equality.growing.12 {"exBudgetCPU":564559429,"exBudgetMemory":1311029,"scriptSizeBytes":855}
equality.growing.13 {"exBudgetCPU":666503817,"exBudgetMemory":1541233,"scriptSizeBytes":890}
equality.growing.14 {"exBudgetCPU":777270011,"exBudgetMemory":1790885,"scriptSizeBytes":925}
equality.growing.15 {"exBudgetCPU":896858011,"exBudgetMemory":2059985,"scriptSizeBytes":961}
equality.growing.16 {"exBudgetCPU":1025267817,"exBudgetMemory":2348533,"scriptSizeBytes":996}
equality.growing.17 {"exBudgetCPU":1162499429,"exBudgetMemory":2656529,"scriptSizeBytes":1031}
normalize.identity {"exBudgetCPU":34108873,"exBudgetMemory":99693,"scriptSizeBytes":670}
normalize.empty {"exBudgetCPU":21849001,"exBudgetMemory":60861,"scriptSizeBytes":728}
assertSorted.succeeds {"exBudgetCPU":28636596,"exBudgetMemory":88618,"scriptSizeBytes":625}
assertSorted.fails on malsorted symbols {"exBudgetCPU":20705777,"exBudgetMemory":62290,"scriptSizeBytes":340}
assertSorted.fails on zero quantities {"exBudgetCPU":21820727,"exBudgetMemory":62160,"scriptSizeBytes":800}
assertSorted.fails on empty token map {"exBudgetCPU":1240239,"exBudgetMemory":455,"scriptSizeBytes":262}
Ada.adaSymbol {"exBudgetCPU":23100,"exBudgetMemory":200,"scriptSizeBytes":8}
Ada.adaToken {"exBudgetCPU":23100,"exBudgetMemory":200,"scriptSizeBytes":8}
Ada.lovelaceValueOf {"exBudgetCPU":230100,"exBudgetMemory":1100,"scriptSizeBytes":53}
Ada.isAdaOnlyValue.itself {"exBudgetCPU":23100,"exBudgetMemory":200,"scriptSizeBytes":45}
Ada.isAdaOnlyValue.true on empty {"exBudgetCPU":497454,"exBudgetMemory":1532,"scriptSizeBytes":50}
Ada.isAdaOnlyValue.trivially false {"exBudgetCPU":4349105,"exBudgetMemory":10950,"scriptSizeBytes":107}
Ada.isAdaOnlyValue.less trivially false {"exBudgetCPU":11969877,"exBudgetMemory":32226,"scriptSizeBytes":476}
Ada.adaOnlyValue.itself {"exBudgetCPU":184100,"exBudgetMemory":900,"scriptSizeBytes":52}
Ada.adaOnlyValue.on empty {"exBudgetCPU":589454,"exBudgetMemory":1932,"scriptSizeBytes":51}
Ada.adaOnlyValue.on non-Ada {"exBudgetCPU":4356574,"exBudgetMemory":10950,"scriptSizeBytes":109}
Ada.adaOnlyValue.on Ada {"exBudgetCPU":4287574,"exBudgetMemory":10650,"scriptSizeBytes":95}
Ada.noAdaValue.itself {"exBudgetCPU":23100,"exBudgetMemory":200,"scriptSizeBytes":37}
Ada.noAdaValue.on empty {"exBudgetCPU":497454,"exBudgetMemory":1532,"scriptSizeBytes":43}
Ada.noAdaValue.on non-Ada {"exBudgetCPU":4082014,"exBudgetMemory":10018,"scriptSizeBytes":100}
Ada.noAdaValue.on Ada {"exBudgetCPU":4013014,"exBudgetMemory":9718,"scriptSizeBytes":87}