empty {"exBudgetCPU":400935,"exBudgetMemory":901,"scriptSizeBytes":14}
phexByteStr {"exBudgetCPU":400935,"exBudgetMemory":901,"scriptSizeBytes":19}
plengthByteStr {"exBudgetCPU":371033,"exBudgetMemory":811,"scriptSizeBytes":17}
pconsBS {"exBudgetCPU":1099994,"exBudgetMemory":2125,"scriptSizeBytes":33}
pindexByteStr {"exBudgetCPU":172767,"exBudgetMemory":604,"scriptSizeBytes":16}
psliceByteStr {"exBudgetCPU":426418,"exBudgetMemory":804,"scriptSizeBytes":22}
eq {"exBudgetCPU":400935,"exBudgetMemory":901,"scriptSizeBytes":16}
semigroup.concats {"exBudgetCPU":117242,"exBudgetMemory":602,"scriptSizeBytes":17}
semigroup.laws.id.1 {"exBudgetCPU":495077,"exBudgetMemory":1303,"scriptSizeBytes":22}
semigroup.laws.id.2 {"exBudgetCPU":495077,"exBudgetMemory":1303,"scriptSizeBytes":21}