pfindOwnInput (program 1.0.0 (\i0
                 i0 ->
                  i2
                    #d8799fd8799fd8799f41a0ff00ffd8799fd8799fd87a9f41a1ffd87a80ffa0d8799f41d0ffffff))
pgetContinuingOutputs (program 1.0.0 [#d8799fd8799fd87a9f41a1ffd87a80ffa0d8799f41d0ffff])
pparseDatum (program 1.0.0 (\i0 i0 -> i2 #9f0102030405060708090aff))