fromJust.fromJust_Just (program 1.0.0 True)
fromJust.fromJust_Nothing (program 1.0.0 error)
isJust.isJust_Just (program 1.0.0 True)
isJust.isJust_Nothing (program 1.0.0 True)
Just.Just_0 (program 1.0.0 True)
fromDJust.fromDJust_Just (program 1.0.0 True)
fromDJust.fromDJust_Nothing (program 1.0.0 error)
isDJust.isDJust_Just (program 1.0.0 True)
isDJust.isDJust_Nothing (program 1.0.0 True)