pmatch-pfield.pmatch.newtype (program 1.0.0 ((\i0 ->
                   (\i0 -> mkPairData (i2 i1) (i2 (force tailList i1)))
                     ((\i0 -> force (force sndPair) (unConstrData i1))
                        #d8799fd8799f41abffd87a80ff))
                  (force headList)))
pmatch-pfield.pfield.newtype (program 1.0.0 ((\i0 ->
                   (\i0 -> mkPairData (i2 i1) (i2 (force tailList i1)))
                     ((\i0 -> force (force sndPair) (unConstrData i1))
                        #d8799fd8799f41abffd87a80ff))
                  (force headList)))
pfield-pletFields.pfield.single (program 1.0.0 ((\i0 ->
                   force headList (force (force sndPair) (unConstrData i1)))
                  #d8799fd8799f41abffd87a80ff))
pfield-pletFields.pletFields.single (program 1.0.0 (force headList
                  ((\i0 -> force (force sndPair) (unConstrData i1))
                     #d8799fd8799f41abffd87a80ff)))