lam {"exBudgetCPU":207100,"exBudgetMemory":1000,"scriptSizeBytes":39}
app {"exBudgetCPU":1523881,"exBudgetMemory":4322,"scriptSizeBytes":82}