pmatch-pfield.pmatch.newtype {"exBudgetCPU":966918,"exBudgetMemory":3092,"scriptSizeBytes":45}
pmatch-pfield.pfield.newtype {"exBudgetCPU":966918,"exBudgetMemory":3092,"scriptSizeBytes":45}
pfield-pletFields.pfield.single {"exBudgetCPU":460976,"exBudgetMemory":1496,"scriptSizeBytes":32}
pfield-pletFields.pletFields.single {"exBudgetCPU":460976,"exBudgetMemory":1496,"scriptSizeBytes":32}