letSomeFields.lam (program 1.0.0 ((\i0 ->
                   (\i0 ->
                      (\i0
                        i0 ->
                         (\i0 ->
                            (\i0 ->
                               addInteger
                                 (addInteger
                                    (unIData (i4 i2))
                                    (unIData (i4 i1)))
                                 (unIData (i4 (i5 (i6 i1)))))
                              (i5 i1))
                           (i4 (i3 i1)))
                        (force headList))
                     (\i0 -> i2 (i2 i1)))
                  (force tailList)))
letSomeFields.order (program 1.0.0 ((\i0 ->
                   (\i0 ->
                      (\i0
                        i0 ->
                         (\i0 ->
                            (\i0 ->
                               addInteger
                                 (addInteger
                                    (unIData (i4 i2))
                                    (unIData (i4 i1)))
                                 (unIData (i4 (i5 (i6 i1)))))
                              (i5 i1))
                           (i4 (i3 i1)))
                        (force headList))
                     (\i0 -> i2 (i2 i1)))
                  (force tailList)))
letSomeFields.app (program 1.0.0 ((\i0 ->
                   (\i0 ->
                      (\i0 ->
                         (\i0 ->
                            (\i0 ->
                               (\i0 ->
                                  addInteger
                                    (addInteger
                                       (unIData (i4 i2))
                                       (unIData (i4 i1)))
                                    (unIData (i4 (i5 (i6 i1)))))
                                 (i5 i1))
                              (i4 (i3 i1)))
                           [#00, #01, #02, #03, #04, #05, #06, #07, #08, #09])
                        (force headList))
                     (\i0 -> i2 (i2 i1)))
                  (force tailList)))
nFields.lam (program 1.0.0 ((\i0
                  i0 ->
                   addInteger
                     (unIData (i2 i1))
                     (unIData (i2 (force tailList i1))))
                  (force headList)))
nFields.app (program 1.0.0 ((\i0 ->
                   (\i0 ->
                      addInteger
                        (unIData (i2 i1))
                        (unIData (i2 (force tailList i1))))
                     [#00, #01, #02, #03, #04, #05, #06, #07, #08, #09])
                  (force headList)))