by (program 1.0.0 ((\i0 ->
                   (\i0 ->
                      unIData
                        (force headList
                           (force tailList
                              (force (force sndPair) (unConstrData i1)))))
                     (constrData
                        0
                        (i1 (iData 50) (i1 (iData 10) (i1 (iData 40) [])))))
                  (force mkCons)))
dotPlus (program 1.0.0 ((\i0 ->
                   (\i0 ->
                      (\i0 ->
                         (\i0 ->
                            (\i0 ->
                               (\i0 ->
                                  (\i0 ->
                                     (\i0 ->
                                        (\i0 ->
                                           (\i0 ->
                                              (\i0 ->
                                                 (\i0 ->
                                                    (\i0 ->
                                                       (\i0 ->
                                                          addInteger
                                                            (addInteger
                                                               (addInteger
                                                                  (addInteger
                                                                     (addInteger
                                                                        (multiplyInteger
                                                                           (unIData
                                                                              (i9
                                                                                 i6))
                                                                           (unIData
                                                                              (i9
                                                                                 i4)))
                                                                        (multiplyInteger
                                                                           (unIData
                                                                              (i9
                                                                                 i5))
                                                                           (unIData
                                                                              (i9
                                                                                 i3))))
                                                                     (multiplyInteger
                                                                        (unIData
                                                                           (i9
                                                                              (i10
                                                                                 i5)))
                                                                        (unIData
                                                                           (i9
                                                                              (i10
                                                                                 i3)))))
                                                                  (unIData
                                                                     (i9 i2)))
                                                               (unIData
                                                                  (i9 i1)))
                                                            (unIData
                                                               (i9 (i10 i1))))
                                                         (i9 i1))
                                                      (i9 (i7 (i8 i5))))
                                                   (i7 i1))
                                                (i7 (i5 i3)))
                                             (i5 i1))
                                          (i5 (i3 i2)))
                                       (i3 i1))
                                    (i3
                                       (constrData
                                          0
                                          (i5
                                             (constrData
                                                0
                                                (i5
                                                   (iData 150)
                                                   (i5
                                                      (iData 750)
                                                      (i5 (iData 100) i6))))
                                             (i5
                                                (constrData
                                                   0
                                                   (i5
                                                      (iData 50)
                                                      (i5
                                                         (iData 10)
                                                         (i5 (iData 40) i6))))
                                                (i5
                                                   (constrData
                                                      0
                                                      (i5
                                                         (iData 1)
                                                         (i5
                                                            (iData 8)
                                                            (i5 (iData 1) i6))))
                                                   i6))))))
                                 (force headList))
                              (force tailList))
                           (\i0 -> i2 (unConstrData i1)))
                        (force (force sndPair)))
                     (force mkCons))
                  []))