pmatch-pfield.pmatch.newtype (program 1.0.0 (#d8799f41abff, #d87a80))
pmatch-pfield.pfield.newtype (program 1.0.0 (#d8799f41abff, #d87a80))
pfield-pletFields.pfield.single (program 1.0.0 #d8799f41abff)
pfield-pletFields.pletFields.single (program 1.0.0 #d8799f41abff)