pmatch {"exBudgetCPU":954809,"exBudgetMemory":420,"scriptSizeBytes":63}
phead {"exBudgetCPU":11768237,"exBudgetMemory":39293,"scriptSizeBytes":79}
ptail {"exBudgetCPU":34066124,"exBudgetMemory":115806,"scriptSizeBytes":142}
pnull.empty {"exBudgetCPU":957454,"exBudgetMemory":3532,"scriptSizeBytes":64}
pnull.nonempty {"exBudgetCPU":11777860,"exBudgetMemory":39893,"scriptSizeBytes":84}
pconcat.identity {"exBudgetCPU":80305252,"exBudgetMemory":279509,"scriptSizeBytes":188}
pmap.eg {"exBudgetCPU":47260168,"exBudgetMemory":161924,"scriptSizeBytes":163}
pmap.identity {"exBudgetCPU":1334100,"exBudgetMemory":5900,"scriptSizeBytes":97}
pfilter.evens {"exBudgetCPU":42495518,"exBudgetMemory":129344,"scriptSizeBytes":175}
pfilter.gt5 {"exBudgetCPU":37045658,"exBudgetMemory":125334,"scriptSizeBytes":170}
pzipWith.double {"exBudgetCPU":60015372,"exBudgetMemory":206316,"scriptSizeBytes":174}
pfoldl.nonempty {"exBudgetCPU":21216007,"exBudgetMemory":71413,"scriptSizeBytes":96}
pfoldl.nonempty-primed {"exBudgetCPU":21216007,"exBudgetMemory":71413,"scriptSizeBytes":96}
pfoldl.empty {"exBudgetCPU":1603387,"exBudgetMemory":5433,"scriptSizeBytes":85}
pfoldl.empty-primed {"exBudgetCPU":1603387,"exBudgetMemory":5433,"scriptSizeBytes":85}
elemAt.elemAt_3_[1..10] {"exBudgetCPU":17628654,"exBudgetMemory":56708,"scriptSizeBytes":157}
elemAt.elemAt_0_[1..10] {"exBudgetCPU":13173756,"exBudgetMemory":43796,"scriptSizeBytes":157}
elemAt.elemAt_9_[1..10] {"exBudgetCPU":26538450,"exBudgetMemory":82532,"scriptSizeBytes":157}
find.find_(==3)_[1..4] {"exBudgetCPU":8776061,"exBudgetMemory":29622,"scriptSizeBytes":100}
find.find_(==5)_[1..4] {"exBudgetCPU":10583550,"exBudgetMemory":36224,"scriptSizeBytes":100}
x1+x2.builtin {"exBudgetCPU":771257,"exBudgetMemory":2098,"scriptSizeBytes":29}
x1+x2.pmatch {"exBudgetCPU":1673965,"exBudgetMemory":4562,"scriptSizeBytes":48}
uncons.ChooseList {"exBudgetCPU":607636,"exBudgetMemory":1864,"scriptSizeBytes":26}
uncons.head-and-tail {"exBudgetCPU":383531,"exBudgetMemory":1464,"scriptSizeBytes":23}
uncons.head-and-tail-and-null {"exBudgetCPU":869178,"exBudgetMemory":2997,"scriptSizeBytes":35}