normal (program 1.0.0 ((\i0 ->
                   (\i0 -> i2 (\i0 -> i2 i2 i1)) (\i0 -> i2 (\i0 -> i2 i2 i1)))
                  (\i0
                    i0 ->
                     force (force (force chooseList)
                              i1
                              (delay (\i0 i0 -> force i1))
                              (delay ((\i0 i0 i0 i0 -> i2 i4 i3)
                                        (force headList i1)
                                        (i2 (force tailList i1))))))
                  [1,2,3,4,5,6,7,8,9,10]
                  (\i0 i0 -> i1 (\i0 i0 -> i1) (delay error))
                  (delay error)))
do (program 1.0.0 ((\i0 ->
                   (\i0 ->
                      (\i0 ->
                         (\i0 -> i2 (\i0 -> i2 i2 i1))
                           (\i0 -> i2 (\i0 -> i2 i2 i1)))
                        (\i0
                          i0 ->
                           force (force (force chooseList)
                                    i1
                                    (delay (\i0 i0 -> force i1))
                                    (delay ((\i0 i0 i0 i0 -> i2 i4 i3)
                                              (force headList i1)
                                              (i2 (force tailList i1))))))
                        [1,2,3,4,5,6,7,8,9,10]
                        (\i0
                          i0 ->
                           i1
                             (\i0 i0 -> i1)
                             (delay (force (i3 i4 (delay error)))))
                        (delay (force (i1 i2 (delay error)))))
                     (force trace))
                  "Pattern matching failure in QualifiedDo syntax"))
cont (program 1.0.0 ((\i0 ->
                   (\i0 -> i2 (\i0 -> i2 i2 i1)) (\i0 -> i2 (\i0 -> i2 i2 i1)))
                  (\i0
                    i0 ->
                     force (force (force chooseList)
                              i1
                              (delay (\i0 i0 -> force i1))
                              (delay ((\i0 i0 i0 i0 -> i2 i4 i3)
                                        (force headList i1)
                                        (i2 (force tailList i1))))))
                  [1,2,3,4,5,6,7,8,9,10]
                  (\i0 i0 -> i1 (\i0 i0 -> i1) (delay error))
                  (delay error)))
termcont (program 1.0.0 ((\i0 ->
                   (\i0 ->
                      (\i0 ->
                         (\i0 -> i2 (\i0 -> i2 i2 i1))
                           (\i0 -> i2 (\i0 -> i2 i2 i1)))
                        (\i0
                          i0 ->
                           force (force (force chooseList)
                                    i1
                                    (delay (\i0 i0 -> force i1))
                                    (delay ((\i0 i0 i0 i0 -> i2 i4 i3)
                                              (force headList i1)
                                              (i2 (force tailList i1))))))
                        [1,2,3,4,5,6,7,8,9,10]
                        (\i0
                          i0 ->
                           i1
                             (\i0 i0 -> i1)
                             (delay (force (i3 i4 (delay error)))))
                        (delay (force (i1 i2 (delay error)))))
                     (force trace))
                  "Pattern matching failure in TermCont"))