do.succeeds (program 1.0.0 ())
do.fails (program 1.0.0 error)