PData.1 {"exBudgetCPU":1408085,"exBudgetMemory":901,"scriptSizeBytes":22}
PData.2 {"exBudgetCPU":1536367,"exBudgetMemory":1602,"scriptSizeBytes":30}
PAsData.1 {"exBudgetCPU":1332397,"exBudgetMemory":1065,"scriptSizeBytes":15}
PAsData.1 {"exBudgetCPU":1642953,"exBudgetMemory":2066,"scriptSizeBytes":31}