literal {"exBudgetCPU":161100,"exBudgetMemory":800,"scriptSizeBytes":17}
ops.+ {"exBudgetCPU":32534967,"exBudgetMemory":85289,"scriptSizeBytes":654}
ops.- {"exBudgetCPU":32534967,"exBudgetMemory":85289,"scriptSizeBytes":654}
ops.* {"exBudgetCPU":55604584,"exBudgetMemory":141057,"scriptSizeBytes":712}
ops.harmonic-sum {"exBudgetCPU":81309097,"exBudgetMemory":202927,"scriptSizeBytes":716}
ops.multi-product {"exBudgetCPU":90624629,"exBudgetMemory":230453,"scriptSizeBytes":738}
compare {"exBudgetCPU":26889495,"exBudgetMemory":71369,"scriptSizeBytes":638}
round.5/3 {"exBudgetCPU":18015916,"exBudgetMemory":41945,"scriptSizeBytes":639}
round.4/3 {"exBudgetCPU":16559967,"exBudgetMemory":38842,"scriptSizeBytes":639}
round.-5/2 {"exBudgetCPU":17472430,"exBudgetMemory":39945,"scriptSizeBytes":639}
round.-1/4 {"exBudgetCPU":16582444,"exBudgetMemory":38044,"scriptSizeBytes":639}
truncate.5/4 {"exBudgetCPU":13217658,"exBudgetMemory":33633,"scriptSizeBytes":549}
truncate.7/4 {"exBudgetCPU":14673607,"exBudgetMemory":36736,"scriptSizeBytes":549}
truncate.1/4 {"exBudgetCPU":11761709,"exBudgetMemory":30530,"scriptSizeBytes":549}
truncate.-7/4 {"exBudgetCPU":15041084,"exBudgetMemory":37438,"scriptSizeBytes":549}
properFraction.-1/2 {"exBudgetCPU":36523072,"exBudgetMemory":95003,"scriptSizeBytes":713}
properFraction.-3/2 {"exBudgetCPU":37979021,"exBudgetMemory":98106,"scriptSizeBytes":713}
properFraction.-4/3 {"exBudgetCPU":37979021,"exBudgetMemory":98106,"scriptSizeBytes":713}
data.id.0.5 {"exBudgetCPU":161100,"exBudgetMemory":800,"scriptSizeBytes":17}
data.id.2 {"exBudgetCPU":161100,"exBudgetMemory":800,"scriptSizeBytes":17}
data.id.11/3 {"exBudgetCPU":13990147,"exBudgetMemory":35735,"scriptSizeBytes":544}
div by 0.1/0 {"exBudgetCPU":8604846,"exBudgetMemory":20200,"scriptSizeBytes":544}
div by 0.recip 0 {"exBudgetCPU":3911950,"exBudgetMemory":198,"scriptSizeBytes":391}
div by 0.1/(1-1) {"exBudgetCPU":16791466,"exBudgetMemory":40228,"scriptSizeBytes":621}