ptrace.one (program 1.0.0 ())
ptrace.two (program 1.0.0 ())
ptraceShowId.right-42 (program 1.0.0 (\i0 i0 -> i1 42))
ptraceIfTrue.true (program 1.0.0 True)
ptraceIfTrue.false (program 1.0.0 False)
ptraceIfFalse.true (program 1.0.0 True)
ptraceIfFalse.false (program 1.0.0 False)
chained.false.true.false (program 1.0.0 False)
chained.ptrace.true.false (program 1.0.0 False)
chained.ptrace.true.true (program 1.0.0 True)